// Jest Snapshot v1, https://goo.gl/fbAQLP

exports[`Tooltip renders without crashing 1`] = `
<div
  className="reactist tooltip__wrapper"
  onMouseEnter={[Function]}
  onMouseLeave={[Function]}
>
  <span>
    Wrapped Content
  </span>
  <div
    className="reactist tooltip"
  >
    tip
  </div>
</div>
`;
